// Jest Snapshot v1, https://goo.gl/fbAQLP

exports[`renders correctly 1`] = `
<div
  className="bg-blue-400 flex items-center justify-center h-2/6"
>
  <img
    alt="img not found"
    className="px-20"
    src="../img/logo.png"
  />
</div>
`;
